### >>> stop at Main:20
### >>> run
### >>> locals
### >>> dump items
### >>> dump item
### >>> cont
### >>> quit
jdb?????...
> ????????????Main:20?
???????????????????
> Main???
??????java.lang.Throwable???
??????????java.lang.Throwable???
> 
VM????????: ????????????Main:20???

?????????????: "????=main", Main.accumulate()??=20 bci=2

main[1] ??????:
items = instance of java.util.ArrayList(id=449)
iterations = 300000000
??????:
total = 0
main[1]  items = {
    serialVersionUID: 8683452581122892189
    DEFAULT_CAPACITY: 10
    EMPTY_ELEMENTDATA: instance of java.lang.Object[0] (id=450)
    DEFAULTCAPACITY_EMPTY_ELEMENTDATA: instance of java.lang.Object[0] (id=451)
    elementData: instance of java.lang.Object[10] (id=452)
    size: 3
    java.util.AbstractList.modCount: 3
}
main[1] com.sun.tools.example.debug.expr.ParseException: Name unknown: item
 item = null
main[1] > 