### >>> stop at Main:22
### >>> run
### >>> locals
### >>> dump item
### >>> dump items
### >>> dump items.elementData[0]
### >>> cont
### >>> quit
jdb?????...
> ????????????Main:22?
???????????????????
> Main???
??????java.lang.Throwable???
??????????java.lang.Throwable???
> 
VM????????: ????????????Main:22???

?????????????: "????=main", Main.accumulate()??=22 bci=40

main[1] ??????:
items = instance of java.util.ArrayList(id=450)
iterations = 300000000
??????:
total = 0
i = 0
item = instance of Item(id=451)
main[1]  item = {
    count: 7
    name: "alpha"
}
main[1]  items = {
    serialVersionUID: 8683452581122892189
    DEFAULT_CAPACITY: 10
    EMPTY_ELEMENTDATA: instance of java.lang.Object[0] (id=453)
    DEFAULTCAPACITY_EMPTY_ELEMENTDATA: instance of java.lang.Object[0] (id=454)
    elementData: instance of java.lang.Object[10] (id=455)
    size: 3
    java.util.AbstractList.modCount: 3
}
main[1]  items.elementData[0] = {
    count: 7
    name: "alpha"
}
main[1] > 
?????????????: "????=main", Main.accumulate()??=22 bci=40

main[1] 