### >>> stop at Dbg1Kt:12
### >>> run
### >>> locals
### >>> dump item
### >>> dump items
### >>> dump items.elementData[0]
### >>> cont
### >>> quit
jdb?????...
> ????????????Dbg1Kt:12?
???????????????????
> Dbg1Kt???
??????java.lang.Throwable???
??????????java.lang.Throwable???
> 
VM????????: ????????????Dbg1Kt:12???

?????????????: "????=main", Dbg1Kt.accumulate()??=12 bci=58

main[1] ??????:
items = instance of java.util.ArrayList(id=766)
iterations = 300000000
??????:
total = 0
i = 0
item = instance of Item(id=767)
main[1]  item = {
    count: 7
    name: "alpha"
}
main[1]  items = {
    serialVersionUID: 8683452581122892189
    DEFAULT_CAPACITY: 10
    EMPTY_ELEMENTDATA: instance of java.lang.Object[0] (id=769)
    DEFAULTCAPACITY_EMPTY_ELEMENTDATA: instance of java.lang.Object[0] (id=770)
    elementData: instance of java.lang.Object[10] (id=771)
    size: 3
    java.util.AbstractList.modCount: 3
}
main[1]  items.elementData[0] = {
    count: 7
    name: "alpha"
}
main[1] > 
?????????????: "????=main", Dbg1Kt.accumulate()??=12 bci=58

main[1] 