### >>> sb('dbg1.js', 15)
### >>> cont
### >>> exec item
### >>> exec items[0]
### >>> exec items.length
### >>> exec total
### >>> exec i
### >>> .exit
< Debugger listening on ws://127.0.0.1:9229/c7cf1676-7fc2-4032-ae23-7f7dce1816c2
< For help, see: https://nodejs.org/en/docs/inspector
< 
connecting to 127.0.0.1:9229 ...< Debugger attached.
< 
 ok
debug> Break on start in probes/DBG-1/typescript/build/dbg1.js:1
> 1 "use strict";
  2 // DBG-1
  3 class Item {
debug>  10 const MODULUS = 1000000007;
 11 function accumulate(items, iterations) {
 12     let total = 0;
 13     for (let i = 0; i < iterations; i++) {
 14         for (const item of items) {
>15             total = (total * 31 + item.count + item.name.length) % MODULUS;
 16         }
 17     }
 18     return total;
 19 }
 20 const items = [];
debug> debug> break in probes/DBG-1/typescript/build/dbg1.js:15
 13     for (let i = 0; i < iterations; i++) {
 14         for (const item of items) {
>15             total = (total * 31 + item.count + item.name.length) % MODULUS;
 16         }
 17     }
debug> { count: 7, name: 'alpha' }
debug> { count: 7, name: 'alpha' }
debug> 3
debug> 0
debug> 0
debug> 