========================================================================
POSITIVE CASES (must pass)
========================================================================
  P1 round_trip(fixture_real.java)  R1_byte_identity         PASS
  P1 round_trip(fixture_real.java)  R2_build_identity        PASS
  P1 round_trip(fixture_real.java)  R3_behavioral_identity   PASS
  P1 round_trip(fixture_real.java)  R4_non_triviality        PASS
  P1 round_trip(fixture_real.java)  R5_domain_containment    PASS
  P2 gate(fixture_anon.java)            conformant=True events=[]  PASS
  P3 gate(source whose STRING literal contains real keywords) conformant=True  PASS
  P4 forward() left the string literal untouched: True  PASS

========================================================================
NEGATIVE CASES (must be REJECTED)
========================================================================
  N1 gate(correct REAL source, transformation ignored)
     conformant=False  H_REAL events=['class', 'else', 'for', 'if', 'int', 'long', 'public', 'static', 'void']
     -> REJECTED (PASS)
  N2 round_trip on a CORRUPTED transformed source (one letter changed)
     R1 byte identity vs real source: False
     inverse image builds: False   diagnostic: /var/folders/71/zhtl3cb131g9fdd6z18yh_cm0000gn/T/i1java-uc4j8xcs/Main.java:12: error: ';' expected
     -> REJECTED (PASS)
  N3 gate(transformed source with ONE real keyword written from memory)
     conformant=False  H_REAL events=['if']
     -> REJECTED (PASS)
  N4 INVERSE_AMBIGUOUS: a variable named with a pseudo-word
     detector hits=2  inverse image builds=False
     diagnostic: /var/folders/71/zhtl3cb131g9fdd6z18yh_cm0000gn/T/i1java-sjeeu65y/Main.java:3: error: not a statement
     -> REJECTED (PASS)
  N5 round_trip with a MUTATED mapping (one token left unmapped)
     transformed source still contains the real token 'if': True
     -> REJECTED (PASS)

========================================================================
LEXICALIZER FILTER SELF-TEST (each accept() rule must be able to fire)
========================================================================
  filter 1 shape            candidate=toolong  accepted=False fired=['1']  PASS
  filter 2 used             candidate=mepone   accepted=False fired=['2']  PASS
  filter 3 en_common        candidate=animal   accepted=False fired=['3']  PASS
  filter 4 prog_terms       candidate=buffer   accepted=False fired=['4']  PASS
  filter 5 reserved_union   candidate=typeof   accepted=False fired=['5']  PASS
  filter 6 substring        candidate=zitemu   accepted=False fired=['6']  PASS
  filter 7 material         candidate=rintln   accepted=False fired=['7']  PASS

========================================================================
BATTERY PASSED: every positive case passed and every negative case was rejected.
